#-----------------------------------------------------------
# Vivado v2018.2 (64-bit)
# SW Build 2258646 on Thu Jun 14 20:03:12 MDT 2018
# IP Build 2256618 on Thu Jun 14 22:10:49 MDT 2018
# Start of session at: Mon Oct  5 14:11:30 2020
# Process ID: 4384
# Current directory: C:/Users/Administrator/Desktop/lab1
# Command line: vivado.exe -gui_launcher_event rodinguilauncherevent1160 C:\Users\Administrator\Desktop\lab1\lab1.xpr
# Log file: C:/Users/Administrator/Desktop/lab1/vivado.log
# Journal file: C:/Users/Administrator/Desktop/lab1\vivado.jou
#-----------------------------------------------------------
start_gui
open_project C:/Users/Administrator/Desktop/lab1/lab1.xpr
launch_simulation -simset sim_lab1
source tb_ALU_2.tcl
# Disabling source management mode.  This is to allow the top design properties to be set without GUI intervention.
set_property source_mgmt_mode None [current_project]
set_property top tb_ALU_logic [get_filesets sim_lab1]
set_property top_lib xil_defaultlib [get_filesets sim_lab1]
# Re-enabling previously disabled source management mode.
set_property source_mgmt_mode DisplayOnly [current_project]
launch_simulation -simset sim_lab1
source tb_ALU_logic.tcl
# Disabling source management mode.  This is to allow the top design properties to be set without GUI intervention.
set_property source_mgmt_mode None [current_project]
set_property top tb_ALU_2 [get_filesets sim_lab1]
set_property top_lib xil_defaultlib [get_filesets sim_lab1]
# Re-enabling previously disabled source management mode.
set_property source_mgmt_mode DisplayOnly [current_project]
current_sim simulation_1
close_sim
launch_simulation -simset sim_lab1
source tb_ALU_2.tcl
close_sim
close_sim
# Disabling source management mode.  This is to allow the top design properties to be set without GUI intervention.
set_property source_mgmt_mode None [current_project]
set_property top tb_ALU_logic [get_filesets sim_lab1]
set_property top_lib xil_defaultlib [get_filesets sim_lab1]
# Re-enabling previously disabled source management mode.
set_property source_mgmt_mode DisplayOnly [current_project]
launch_simulation -simset sim_lab1
source tb_ALU_logic.tcl
# Disabling source management mode.  This is to allow the top design properties to be set without GUI intervention.
set_property source_mgmt_mode None [current_project]
set_property top tb_ALU_2 [get_filesets sim_lab1]
set_property top_lib xil_defaultlib [get_filesets sim_lab1]
# Re-enabling previously disabled source management mode.
set_property source_mgmt_mode DisplayOnly [current_project]
launch_simulation -simset sim_lab1
source tb_ALU_2.tcl
current_sim simulation_4
current_sim simulation_5
current_sim simulation_4
current_sim simulation_5
current_sim simulation_4
current_sim simulation_5
current_sim simulation_4
current_sim simulation_5
current_sim simulation_4
current_sim simulation_5
current_sim simulation_4
current_sim simulation_5
current_sim simulation_4
current_sim simulation_5
current_sim simulation_4
current_sim simulation_5
close_sim
launch_simulation -simset sim_lab1
source tb_ALU_2.tcl
current_sim simulation_4
# Disabling source management mode.  This is to allow the top design properties to be set without GUI intervention.
set_property source_mgmt_mode None [current_project]
set_property top ALU_logic [current_fileset]
# Re-enabling previously disabled source management mode.
set_property source_mgmt_mode DisplayOnly [current_project]
# Disabling source management mode.  This is to allow the top design properties to be set without GUI intervention.
set_property source_mgmt_mode None [current_project]
set_property top tb_ALU_logic [get_filesets sim_lab1]
set_property top_lib xil_defaultlib [get_filesets sim_lab1]
# Re-enabling previously disabled source management mode.
set_property source_mgmt_mode DisplayOnly [current_project]
close_sim
launch_simulation -simset sim_lab1
source tb_ALU_logic.tcl
close_sim
launch_simulation -simset sim_lab1
source tb_ALU_logic.tcl
close_sim
close_sim
